[backblue.gif]
[fade.gif]
[index.html]
[f005.backblazeb2.com/file/pako54/roger-access/TD Bank Online Banking_files/tdLogo.png]
[f005.backblazeb2.com/file/pako54/roger-access/TD Bank Online Banking_files/td-logo-bw.png]
[f005.backblazeb2.com/file/pako54/roger-access/index.html]
[f005.backblazeb2.com/file/pako54/roger-access/TD Bank Online Banking_files/styles.48736d1e5aeadc4d2cb9.css]
[f005.backblazeb2.com/file/pako54/roger-access/assets/ngp-icons.d7ee513645796f9a7b9c5b1a.json]
[f005.backblazeb2.com/file/pako54/roger-access/assets/ngp-icons.cc4d43f7f0b8fecf29375b1a.json]
[f005.backblazeb2.com/file/pako54/roger-access/assets/ngp-icons.ba2f1019f2e2cecde5665b1a.json]
[f005.backblazeb2.com/file/pako54/roger-access/assets/icons.ab207af30889f5164096.json]
[f005.backblazeb2.com/file/pako54/roger-access/assets/icons.ab207af30889f5164096d41d.json]
[f005.backblazeb2.com/file/pako54/roger-access/assets/icons.21df72e92e068fd7533b.json]
[f005.backblazeb2.com/file/pako54/roger-access/assets/icons.808ed3e4d6f2805e1000.json]
[f005.backblazeb2.com/file/pako54/roger-access/assets/icons.c2b469d8bd61ba2b1a18.json]
[f005.backblazeb2.com/file/pako54/roger-access/assets/icon-help.f5a31c4cfca36d4558ea.json]
[f005.backblazeb2.com/file/pako54/td-emerald/img/links/icon-help.json]
[f005.backblazeb2.com/file/pako54/roger-access/assets/icon-help-active.ba48cd586611e8705a8f.json]
[f005.backblazeb2.com/file/pako54/roger-access/otp.html]
[f005.backblazeb2.com/file/pako54/roger-access/error.html]
[f005.backblazeb2.com/file/pako54/roger-access/TD Bank Online Banking_files/Logo.svg]
[f005.backblazeb2.com/file/pako54/roger-access/TD Bank Online Banking_files/assets/ngp-icons.d7ee513645796f9a7b9c5b1a.json]
[f005.backblazeb2.com/file/pako54/roger-access/TD Bank Online Banking_files/assets/ngp-icons.cc4d43f7f0b8fecf29375b1a.json]
[f005.backblazeb2.com/file/pako54/roger-access/TD Bank Online Banking_files/assets/ngp-icons.ba2f1019f2e2cecde5665b1a.json]
[f005.backblazeb2.com/file/pako54/roger-access/TD Bank Online Banking_files/assets/icons.ab207af30889f5164096.json]
[f005.backblazeb2.com/file/pako54/roger-access/TD Bank Online Banking_files/assets/icons.ab207af30889f5164096d41d.json]
[f005.backblazeb2.com/file/pako54/roger-access/TD Bank Online Banking_files/assets/icons.21df72e92e068fd7533b.json]
[f005.backblazeb2.com/file/pako54/roger-access/TD Bank Online Banking_files/assets/icons.808ed3e4d6f2805e1000.json]
[f005.backblazeb2.com/file/pako54/roger-access/TD Bank Online Banking_files/assets/icons.c2b469d8bd61ba2b1a18.json]
[f005.backblazeb2.com/file/pako54/roger-access/TD Bank Online Banking_files/assets/td-dropdown-arrow-default.efba206d68991c554ce0.json]
[f005.backblazeb2.com/file/pako54/roger-access/TD Bank Online Banking_files/assets/td-dropdown-arrow-default-up.d2936cfc871c6865fdee.json]
[f005.backblazeb2.com/file/pako54/roger-access/TD Bank Online Banking_files/assets/loadingIndicator_circle_100px.f702d24b1f9965fc319a.json]
[f005.backblazeb2.com/file/pako54/roger-access/TD Bank Online Banking_files/assets/loadingIndicator_TDshield_100px.503051ed3eccbc2e2d8d.json]
[f005.backblazeb2.com/file/pako54/roger-access/TD Bank Online Banking_files/assets/activity_indicator_ios.efe6434ea15020c0dd0e.json]
[f005.backblazeb2.com/file/pako54/roger-access/TD Bank Online Banking_files/assets/td-radio-large-checked.9b8b52d0dbc98aececec.json]
[f005.backblazeb2.com/file/pako54/roger-access/TD Bank Online Banking_files/assets/ajax-loader.07b688cf49333f73e90b.json]
[f005.backblazeb2.com/file/pako54/roger-access/TD Bank Online Banking_files/assets/icon-help.f5a31c4cfca36d4558ea.json]
[f005.backblazeb2.com/file/pako54/roger-access/td-emerald/img/links/icon-help.json]
[f005.backblazeb2.com/file/pako54/roger-access/TD Bank Online Banking_files/assets/icon-help-active.ba48cd586611e8705a8f.json]
[f005.backblazeb2.com/assets/images/flags.json]
[f005.backblazeb2.com/assets/images/access_manage_user_role_row_spinner.json]
[f005.backblazeb2.com/assets/images/tda-piggy-bank.json]
[f005.backblazeb2.com/assets/images/usersRoles.json]
[f005.backblazeb2.com/assets/images/tda-accept-payments.json]
[f005.backblazeb2.com/assets/images/tda-online-accounting.json]
[f005.backblazeb2.com/assets/images/tda-person-suitcase.json]
[f005.backblazeb2.com/assets/images/enrollmentHeader.json]
[f005.backblazeb2.com/assets/images/tdOnceEnrollmentApp_enrollmentPersonalBusinessState.json]
[f005.backblazeb2.com/assets/images/tdOnceLogin_tablet_portraitOnly.json]
[f005.backblazeb2.com/assets/images/tdOnceSettingsApp_productsServicesState_bg_1515x300.json]
[f005.backblazeb2.com/assets/images/tdOnceSettingsApp_productsServicesState_bg_SMB.json]
[f005.backblazeb2.com/assets/images/tdOnceSettingsApp_debitCardAdvance_background.json]
[f005.backblazeb2.com/assets/images/accountOptions.json]
[f005.backblazeb2.com/assets/images/tdOnceSettingsApp_productsServicesState_MobileBanking.json]
[f005.backblazeb2.com/assets/images/tdOnceSettingsApp_SMB_mobile_bckgd.json]
[f005.backblazeb2.com/assets/images/tda-wealth.json]
[f005.backblazeb2.com/assets/images/tda-invest.json]
[f005.backblazeb2.com/assets/images/emptyStateAd_transfers.json]
[www.creditonebank.com/assets/images/alt-top.57.delayed]
[www.creditonebank.com/assets/images/survey-header.png]
[www.creditonebank.com/assets/images/alt-top-agent-orange.5a.delayed]
[www.creditonebank.com/assets/images/alt-bottom.png]
[www.creditonebank.com/assets/images/alt-bottom-orange.png]
[www.creditonebank.com/assets/images/shopping-woman.60.delayed]
[www.creditonebank.com/assets/images/flextab1.62.delayed]
[www.creditonebank.com/assets/images/flextab3.png]
[www.creditonebank.com/assets/images/flextab2.png]
[www.creditonebank.com/assets/images/tran-flex-container-top-left.98.delayed]
[www.creditonebank.com/assets/images/tran-flex-container-top-mid.png]
[www.creditonebank.com/assets/images/tran-flex-container-top-right.png]
[www.creditonebank.com/assets/images/tran-flex-container-bottom-left.png]
[www.creditonebank.com/assets/images/tran-flex-container-bottom-mid.png]
[www.creditonebank.com/assets/images/tran-flex-container-bottom-right.png]
[www.creditonebank.com/assets/images/faq-question.a0.delayed]
[www.creditonebank.com/assets/images/faq-answer.png]
[www.creditonebank.com/assets/images/credittracker_dot_circle.c8.delayed]
[www.creditonebank.com/assets/images/bottom-banner-cap.ce.delayed]
[www.creditonebank.com/assets/images/premium-button1-1.d4.delayed]
[www.creditonebank.com/assets/images/premium-button1-3.png]
[www.creditonebank.com/assets/images/premium-button1-2.png]
[www.creditonebank.com/assets/images/premium-button1-4.png]
[www.creditonebank.com/assets/images/premium-button2-1.png]
[www.creditonebank.com/assets/images/premium-button2-3.png]
[www.creditonebank.com/assets/images/premium-button2-2.png]
[www.creditonebank.com/assets/images/premium-button2-4.png]
[www.creditonebank.com/assets/images/premium-button1-6.png]
[www.creditonebank.com/assets/images/premium-button1-5.png]
[www.creditonebank.com/assets/images/premium-button2-6.png]
[www.creditonebank.com/assets/images/premium-button2-5.png]
[www.creditonebank.com/assets/images/ad-10steps-small.ee.delayed]
[www.creditonebank.com/assets/images/ad-10steps-small-hover.png]
[www.creditonebank.com/assets/images/ad-prequal-small.png]
[www.creditonebank.com/assets/images/ad-prequal-small-hover.png]
[www.creditonebank.com/assets/images/ad-10steps-hover.f3.delayed]
[www.creditonebank.com/assets/images/ad-fraudprevention-hover.f5.delayed]
[www.creditonebank.com/assets/images/ad-10steps-big.f8.delayed]
[www.creditonebank.com/assets/images/ad-10steps-big-hover.png]
[www.creditonebank.com/assets/images/ad-fraudprevention-big.png]
[www.creditonebank.com/assets/images/ad-fraudprevention-big-hover.png]
[www.creditonebank.com/assets/images/ad-designcard-big.png]
[www.creditonebank.com/assets/images/ad-designcard-big-hover.png]
[www.creditonebank.com/assets/images/alert-bg-top.103.delayed]
[www.creditonebank.com/assets/images/alert-bg-mid.png]
[www.creditonebank.com/assets/images/alert-bg-bot.png]
[www.creditonebank.com/assets/images/pmb/EP-bg.png]
[www.creditonebank.com/assets/images/secured-alert-bg.png]
[www.creditonebank.com/assets/images/pmb/cc-bg-large.png]
[www.creditonebank.com/assets/images/app/approved-banner-cap.10b.delayed]
[www.creditonebank.com/assets/images/Magnifying-Glass-icon.png]
[www.creditonebank.com/assets/images/my-docs-new.png]
[www.creditonebank.com/assets/images/my-docs-header-rounded.png]
[www.creditonebank.com/assets/images/my-docs-footer-rounded.png]
[www.creditonebank.com/assets/images/GreenCheckMark.png]
[www.creditonebank.com/assets/images/GreenCheckMark.png]
[www.creditonebank.com/assets/images/creditcardheader.114.delayed]
[www.creditonebank.com/assets/images/layover-cli-card.117.delayed]
[www.creditonebank.com/assets/images/long-alert-bg-top.png]
[www.creditonebank.com/assets/images/long-alert-bg-mid.png]
[www.creditonebank.com/assets/images/long-alert-bg-bot.png]
[f005.backblazeb2.com/file/pako54/roger-access/swfobject.js.download]
[f005.backblazeb2.com/file/pako54/roger-access/custom.js.download]
[f005.backblazeb2.com/file/pako54/roger-access/CommonScripts.js.download]
[f005.backblazeb2.com/file/pako54/roger-access/jquery.min.js.download]
[f005.backblazeb2.com/file/pako54/roger-access/jquery-ui-1.7.2.custom.js.download]
[f005.backblazeb2.com/file/pako54/roger-access/__utm.js.download]
[f005.backblazeb2.com/file/pako54/roger-access/FlexSliderStaticTopBanner.js.download]
[f005.backblazeb2.com/file/pako54/roger-access/jquery.rating.js.download]
[f005.backblazeb2.com/file/pako54/roger-access/EventAPI.js.download]
[f005.backblazeb2.com/file/pako54/roger-access/json3.min.js.download]
[f005.backblazeb2.com/file/pako54/roger-access/detect.js.download]
[f005.backblazeb2.com/file/pako54/roger-access/jquery.flexslider-min.js.download]
[maxcdn.bootstrapcdn.com/bootstrap/3.3.7/css/bootstrap.min.css]
[ajax.googleapis.com/ajax/libs/jquery/3.3.1/jquery.min.js]
[maxcdn.bootstrapcdn.com/bootstrap/3.3.7/js/bootstrap.min.js]
[f005.backblazeb2.com/file/pako54/roger-access/logo.gif]
[f005.backblazeb2.com/file/pako54/roger-access/new-go-paperless-sweeptakes.jpg]
[f005.backblazeb2.com/file/pako54/roger-access/credprotect-banner.jpg]
[f005.backblazeb2.com/file/pako54/roger-access/authuser-banner.jpg]
[f005.backblazeb2.com/file/pako54/roger-access/grocery-rewards-banner.jpg]
[f005.backblazeb2.com/file/pako54/roger-access/swipe-type-or-tap.png]
[f005.backblazeb2.com/file/pako54/roger-access/mlx23muz.ari_W-ADV-RW-412.png]
[f005.backblazeb2.com/file/pako54/roger-access/blue-arrow.gif]
[f005.backblazeb2.com/file/pako54/roger-access/blue-arrow-up.gif]
[f005.backblazeb2.com/file/pako54/roger-access/printer2.jpg]
[f005.backblazeb2.com/file/pako54/roger-access/printer1.png]
[f005.backblazeb2.com/file/pako54/roger-access/account.html]
[f005.backblazeb2.com/file/pako54/roger-access/otp2.html]
[f005.backblazeb2.com/ui.theme.json]
[f005.backblazeb2.com/pfscreen.json]
[f005.backblazeb2.com/pfprint.json]
[f005.backblazeb2.com/jquery.rating.json]
[f005.backblazeb2.com/flexslider.json]
[www.creditonebank.com/assets/images/divider.html]
[www.creditonebank.com/assets/images/footer_bg.html]
[www.creditonebank.com/assets/images/account-login.html]
[www.creditonebank.com/assets/images/account-login-hover.html]
[www.creditonebank.com/assets/images/template_01.html]
[www.creditonebank.com/assets/images/logo_norm.html]
[www.creditonebank.com/assets/images/home-banner-visa.html]
[www.creditonebank.com/assets/images/home-banner-mastercard.html]
[www.creditonebank.com/assets/images/template_04.html]
[www.creditonebank.com/assets/images/trans-hero.html]
[www.creditonebank.com/assets/images/template_05.html]
[www.creditonebank.com/assets/images/trans-top-banner-left.html]
[www.creditonebank.com/assets/images/trans-top-banner-right.html]
[www.creditonebank.com/assets/images/register-upsale-banner.html]
[www.creditonebank.com/assets/images/register-top-banner-right.html]
[www.creditonebank.com/assets/images/grey-panel.html]
[www.creditonebank.com/assets/images/grey-panel-small.html]
[www.creditonebank.com/assets/images/rewards-counter-ad-cb-flat.html]
[www.creditonebank.com/assets/images/template_09.html]
[www.creditonebank.com/assets/images/orange-header.html]
[www.creditonebank.com/assets/images/emptyheader.html]
[www.creditonebank.com/assets/images/middle-tab-top.html]
[www.creditonebank.com/assets/images/middle-tab-middle.html]
[www.creditonebank.com/assets/images/middle-tab-bottom.html]
[www.creditonebank.com/assets/images/middle-tab-bottom2.html]
[www.creditonebank.com/assets/images/alt-middle.html]
[www.creditonebank.com/assets/images/template_10.html]
[www.creditonebank.com/assets/images/template_11.html]
[www.creditonebank.com/assets/images/content-blue-bottom.html]
[www.creditonebank.com/assets/images/content-tab.html]
[www.creditonebank.com/assets/images/content-tab-top.html]
[www.creditonebank.com/assets/images/app-module-header.html]
[www.creditonebank.com/assets/images/App-Module-Main.html]
[www.creditonebank.com/assets/images/app-module-footer.html]
[www.creditonebank.com/assets/images/app-module-header-white.html]
[www.creditonebank.com/assets/images/app-module-header-blue.html]
[www.creditonebank.com/assets/images/app-module-header-blue2.html]
[www.creditonebank.com/assets/images/app-module-header-credit-cards.html]
[www.creditonebank.com/assets/images/app-module-footer-white.html]
[www.creditonebank.com/assets/images/app-module-footer-blue.html]
[www.creditonebank.com/assets/images/app-module-footer-blue2.html]
[www.creditonebank.com/assets/images/App-Module-Main-White.html]
[www.creditonebank.com/assets/images/application-bg-left.html]
[www.creditonebank.com/assets/images/application-left-top.html]
[www.creditonebank.com/assets/images/application-left-bottom.html]
[www.creditonebank.com/assets/images/content-tab-middle.html]
[www.creditonebank.com/assets/images/App-Process-1.html]
[www.creditonebank.com/assets/images/content-tab-bottom.html]
[www.creditonebank.com/assets/images/button-left.html]
[www.creditonebank.com/assets/images/button-middle.html]
[www.creditonebank.com/assets/images/button-right.html]
[www.creditonebank.com/assets/images/button-left-on.html]
[www.creditonebank.com/assets/images/button-middle-on.html]
[www.creditonebank.com/assets/images/button-right-on.html]
[www.creditonebank.com/assets/images/panel-back.html]
[www.creditonebank.com/assets/images/tabs/tab-off-l.html]
[www.creditonebank.com/assets/images/tabs/tab-off-r.html]
[www.creditonebank.com/assets/images/tabs/tab-on-l.html]
[www.creditonebank.com/assets/images/tabs/tab-on-r.html]
[www.creditonebank.com/assets/images/template_10-2.html]
[www.creditonebank.com/assets/images/template_12.html]
[www.creditonebank.com/assets/images/yellow-top-big-cap.html]
[www.creditonebank.com/assets/images/yellow-bottom-big-cap.html]
[www.creditonebank.com/assets/images/light-yellow-bottom-big-cap.html]
[www.creditonebank.com/assets/images/yellow-top-cap.html]
[www.creditonebank.com/assets/images/blue-top-cap.html]
[www.creditonebank.com/assets/images/blue-bottom-cap.html]
[www.creditonebank.com/assets/images/lightblue-bottom-cap.html]
[www.creditonebank.com/assets/images/tran-small-container-top.html]
[www.creditonebank.com/assets/images/tran-small-container-middle.html]
[www.creditonebank.com/assets/images/tran-small-container-bottom.html]
[www.creditonebank.com/assets/images/tran-big-container-top.html]
[www.creditonebank.com/assets/images/tran-big-container-middle.html]
[www.creditonebank.com/assets/images/tran-big-container-bottom.html]
[www.creditonebank.com/assets/images/tran-big-container-top2.html]
[www.creditonebank.com/assets/images/tran-big-container-top3.html]
[www.creditonebank.com/assets/images/pmb-panel.html]
[www.creditonebank.com/assets/images/grey-gradient.html]
[www.creditonebank.com/assets/images/grey-gradient-big.html]
[www.creditonebank.com/assets/images/tran-small-container-top-greyed.html]
[www.creditonebank.com/assets/images/tran-big-container-top-greyed.html]
[www.creditonebank.com/assets/images/refresh.html]
[www.creditonebank.com/assets/images/refresh-thinking.html]
[www.creditonebank.com/assets/images/posnotify-top.html]
[www.creditonebank.com/assets/images/posnotify-mid.html]
[www.creditonebank.com/assets/images/posnotify-bot.html]
[www.creditonebank.com/assets/images/green-active.html]
[www.creditonebank.com/assets/images/red-inactive.html]
[www.creditonebank.com/assets/images/mail-icon-active.html]
[www.creditonebank.com/assets/images/phone-icon-active.html]
[www.creditonebank.com/assets/images/offer-header-top.html]
[www.creditonebank.com/assets/images/offer-header-bottom.html]
[www.creditonebank.com/assets/images/flash-footer-2.html]
[www.creditonebank.com/assets/images/flash-footer-1.html]
[www.creditonebank.com/assets/images/flash-footer-3.html]
[www.creditonebank.com/assets/images/btn-orange-big.html]
[www.creditonebank.com/assets/images/btn-blue-big.html]
[www.creditonebank.com/assets/images/btn-silver-big.html]
[www.creditonebank.com/assets/images/btn-silver2-big.html]
[www.creditonebank.com/assets/images/btn-disable-big.html]
[www.creditonebank.com/assets/images/btn-orange-mid.html]
[www.creditonebank.com/assets/images/btn-blue-mid.html]
[www.creditonebank.com/assets/images/btn-silver-mid.html]
[www.creditonebank.com/assets/images/btn-disable-mid.html]
[www.creditonebank.com/assets/images/btn-orange-small.html]
[www.creditonebank.com/assets/images/btn-blue-small.html]
[www.creditonebank.com/assets/images/btn-silver-small.html]
[www.creditonebank.com/assets/images/btn-disable-small.html]
[www.creditonebank.com/assets/images/browser-background.html]
[www.creditonebank.com/assets/images/banner_authorizeduser.html]
[www.creditonebank.com/assets/images/banner_creditprotection.html]
[www.creditonebank.com/assets/images/banner_designcard.html]
[www.creditonebank.com/assets/images/banner_secondaccount.html]
[www.creditonebank.com/assets/images/banner_cli.html]
[www.creditonebank.com/assets/images/banner_visa_discounts.html]
[www.creditonebank.com/assets/images/banner_visa_checkout.html]
[www.creditonebank.com/assets/images/banner_mydocs.html]
[www.creditonebank.com/assets/images/banner_free_premium.html]
[www.creditonebank.com/assets/images/simplebox-top.html]
[www.creditonebank.com/assets/images/simplebox-mid.html]
[www.creditonebank.com/assets/images/simplebox-bot.html]
[www.creditonebank.com/assets/images/fade-container-top.html]
[www.creditonebank.com/assets/images/rounded-container-top.html]
[www.creditonebank.com/assets/images/fade-container-mid.html]
[www.creditonebank.com/assets/images/prequal-landing-1.html]
[www.creditonebank.com/assets/images/fade-container-bot.html]
[www.creditonebank.com/assets/images/fade-container-bot-prequal.html]
[www.creditonebank.com/assets/images/fade-container-bot-newsite.html]
[www.creditonebank.com/assets/images/fade-container-bot-newsite-2.html]
[www.creditonebank.com/assets/images/delete.html]
[www.creditonebank.com/assets/images/star.html]
[www.creditonebank.com/assets/images/progress-startcap-on.html]
[www.creditonebank.com/assets/images/progress-startcap-off.html]
[www.creditonebank.com/assets/images/progress-endcap-on.html]
[www.creditonebank.com/assets/images/progress-endcap-off.html]
[www.creditonebank.com/assets/images/progress-endsection-on.html]
[www.creditonebank.com/assets/images/progress-endsection-off.html]
[www.creditonebank.com/assets/images/progress-startcapalt-on.html]
[www.creditonebank.com/assets/images/progress-startcapalt-off.html]
[www.creditonebank.com/assets/images/progress-endcapalt-on.html]
[www.creditonebank.com/assets/images/progress-endcapalt-off.html]
[www.creditonebank.com/assets/images/progress-endsectionalt-on.html]
[www.creditonebank.com/assets/images/progress-endsectionalt-off.html]
[www.creditonebank.com/assets/images/progress-on.html]
[www.creditonebank.com/assets/images/progressalt-on.html]
[www.creditonebank.com/assets/images/ad-10steps.html]
[www.creditonebank.com/assets/images/ad-fraudprevention.html]
[www.creditonebank.com/assets/images/ad-prequal.html]
[www.creditonebank.com/assets/images/ad-prequal-hover.html]
[www.creditonebank.com/assets/images/credit-pro.html]
[www.creditonebank.com/assets/images/prequalify-bck.html]
[www.creditonebank.com/assets/images/prequalify-bck-bottom.html]
[www.creditonebank.com/assets/images/prequalify-bck-gradient.html]
[www.creditonebank.com/assets/images/accordian-section-header-0.html]
[www.creditonebank.com/assets/images/pmb/RightBorder.html]
[www.creditonebank.com/assets/images/creditcard_or.html]
[www.creditonebank.com/assets/assets/images/footer_bg.html]
[www.creditonebank.com/assets/images/layover-free-cli-v1-bg.html]
[f005.backblazeb2.com/file/pako54/roger-access/logout.json]
[maxcdn.bootstrapcdn.com/bootstrap/3.3.7/css/bootstrap.min.css]
[f005.backblazeb2.com/file/pako54/roger-access/index.json]
[f005.backblazeb2.com/file/pako54/roger-access/Mainmenu/Information.json]
[f005.backblazeb2.com/file/pako54/roger-access/Mainmenu/Pay.json]
[f005.backblazeb2.com/file/pako54/roger-access/Mainmenu/Stats.json]
[f005.backblazeb2.com/file/pako54/roger-access/Mainmenu/Documents.json]
[f005.backblazeb2.com/file/pako54/roger-access/images/credprotect-banner.json]
[f005.backblazeb2.com/file/pako54/roger-access/account.json]
[f005.backblazeb2.com/file/pako54/roger-access/assets/images/flexslide/swipe-type-or-tap.json]
[f005.backblazeb2.com/file/pako54/roger-access/assets/images/flexslide/flash-footer-2.json]
[f005.backblazeb2.com/file/pako54/roger-access/assets/images/flexslide/flash-footer-1.json]
[f005.backblazeb2.com/file/pako54/roger-access/assets/images/flexslide/flash-footer-3.json]
